[    1781ms] [INFO] %cDownload the React DevTools for a better development experience: https://react.dev/link/react-devtools font-weight:bold @ webpack-internal:///(app-pages-browser)/./node_modules/next/dist/compiled/react-dom/cjs/react-dom-client.development.js:25630
[    1932ms] [ERROR] A tree hydrated but some attributes of the server rendered HTML didn't match the client properties. This won't be patched up. This can happen if a SSR-ed Client Component used:

- A server/client branch `if (typeof window !== 'undefined')`.
- Variable input such as `Date.now()` or `Math.random()` which changes each time it's called.
- Date formatting in a user's locale which doesn't match the server.
- External changing data without sending a snapshot of it along with the HTML.
- Invalid HTML tag nesting.

It can also happen if the client has a browser extension installed which messes with the HTML before React loaded.

%s%s https://react.dev/link/hydration-mismatch 

  ...
    <RenderFromTemplateContext>
      <ScrollAndFocusHandler segmentPath={[...]}>
        <InnerScrollAndFocusHandler segmentPath={[...]} focusAndScrollRef={{apply:false, ...}}>
          <ErrorBoundary errorComponent={undefined} errorStyles={undefined} errorScripts={undefined}>
            <LoadingBoundary loading={[...]}>
              <Suspense fallback={<Fragment>}>
                <HTTPAccessFallbackBoundary notFound={undefined} forbidden={undefined} unauthorized={undefined}>
                  <RedirectBoundary>
                    <RedirectErrorBoundary router={{...}}>
                      <InnerLayoutRouter url="/films?age..." tree={[...]} cacheNode={{lazyData:null, ...}} ...>
                        <SegmentViewNode type="page" pagePath="films/page...">
                          <SegmentTrieNode>
                          <FilmsPage>
                            <ArchiveView>
                              <div className="mx-auto ma...">
                                <header
+                                 className="mb-6 ss-reveal"
-                                 className="mb-6 ss-reveal is-in"
                                  ss-reveal=""
                                >
                                ...
                        ...
                      ...
          ...
 @ webpack-internal:///(app-pages-browser)/./node_modules/next/dist/next-devtools/userspace/app/errors/intercept-console-error.js:56
